// Jest Snapshot v1, https://goo.gl/fbAQLP

exports[`pruebas en CounterApp2.jsx debe hacer match con el snapshot 1`] = `
<div>
  <h1>
    CounterApp2 - h1
  </h1>
  <h2>
     
     
  </h2>
  <button>
     +1 
  </button>
  <button>
     -1 
  </button>
  <button>
     resetear 
  </button>
</div>
`;
