// Jest Snapshot v1, https://goo.gl/fbAQLP

exports[`Pruebas en FirstAppX debe hacer match con el snapshot 1`] = `
<div>
   
  <h1
    data-testid="test-title"
  >
    title en FirstAppX - main.jsx
  </h1>
   
  <p />
  <p />
  <p>
    p en FirstAppX.jsx
  </p>
</div>
`;
